// Vitest Snapshot v1, https://vitest.dev/guide/snapshot.html

exports[`matches the snapshot 1`] = `
{
  "asFragment": [Function],
  "baseElement": <body>
    <div>
      <div
        class="CompanyList"
      >
        <div>
          <div
            class="CompanyList-search"
          >
            <div
              class="SearchForm"
            >
              <form
                class="SearchForm-form"
              >
                <div
                  class="input-item"
                >
                  <label
                    for="name"
                  >
                    Name
                    :
                  </label>
                  <input
                    id="name"
                    name="name"
                    value=""
                  />
                </div>
                <div
                  class="input-item"
                >
                  <label
                    for="minEmployees"
                  >
                    MinEmployees
                    :
                  </label>
                  <input
                    id="minEmployees"
                    name="minEmployees"
                    value=""
                  />
                </div>
                <div
                  class="input-item"
                >
                  <label
                    for="maxEmployees"
                  >
                    MaxEmployees
                    :
                  </label>
                  <input
                    id="maxEmployees"
                    name="maxEmployees"
                    value=""
                  />
                </div>
              </form>
            </div>
          </div>
          <div
            class="CompanyList-text"
          >
            <a
              class="CompanyCard"
              href="/companies/anderson-arias-morrow"
            >
              <div
                class="CompanyCard-card card"
              >
                <div
                  class="card-body"
                >
                  <div
                    class="card-title"
                  >
                    <b>
                      Anderson, Arias, and Morrow
                    </b>
                  </div>
                  <p
                    class="card-text"
                  >
                    Somebody program how I. Face give away discussion view act inside. Your official relationship administration here.
                     
                    <span
                      class="CompanyCard-emps"
                    >
                      (Employees: 
                      245
                      )
                    </span>
                  </p>
                </div>
              </div>
            </a>
            <a
              class="CompanyCard"
              href="/companies/arnold-berger-townsend"
            >
              <div
                class="CompanyCard-card card"
              >
                <div
                  class="card-body"
                >
                  <div
                    class="card-title"
                  >
                    <b>
                      Arnold, Berger and Townsend
                    </b>
                  </div>
                  <p
                    class="card-text"
                  >
                    Kind crime at perhaps beat. Enjoy deal purpose serve begin or thought. Congress everything miss tend.
                     
                    <span
                      class="CompanyCard-emps"
                    >
                      (Employees: 
                      795
                      )
                    </span>
                  </p>
                </div>
              </div>
            </a>
          </div>
        </div>
      </div>
    </div>
  </body>,
  "container": <div>
    <div
      class="CompanyList"
    >
      <div>
        <div
          class="CompanyList-search"
        >
          <div
            class="SearchForm"
          >
            <form
              class="SearchForm-form"
            >
              <div
                class="input-item"
              >
                <label
                  for="name"
                >
                  Name
                  :
                </label>
                <input
                  id="name"
                  name="name"
                  value=""
                />
              </div>
              <div
                class="input-item"
              >
                <label
                  for="minEmployees"
                >
                  MinEmployees
                  :
                </label>
                <input
                  id="minEmployees"
                  name="minEmployees"
                  value=""
                />
              </div>
              <div
                class="input-item"
              >
                <label
                  for="maxEmployees"
                >
                  MaxEmployees
                  :
                </label>
                <input
                  id="maxEmployees"
                  name="maxEmployees"
                  value=""
                />
              </div>
            </form>
          </div>
        </div>
        <div
          class="CompanyList-text"
        >
          <a
            class="CompanyCard"
            href="/companies/anderson-arias-morrow"
          >
            <div
              class="CompanyCard-card card"
            >
              <div
                class="card-body"
              >
                <div
                  class="card-title"
                >
                  <b>
                    Anderson, Arias, and Morrow
                  </b>
                </div>
                <p
                  class="card-text"
                >
                  Somebody program how I. Face give away discussion view act inside. Your official relationship administration here.
                   
                  <span
                    class="CompanyCard-emps"
                  >
                    (Employees: 
                    245
                    )
                  </span>
                </p>
              </div>
            </div>
          </a>
          <a
            class="CompanyCard"
            href="/companies/arnold-berger-townsend"
          >
            <div
              class="CompanyCard-card card"
            >
              <div
                class="card-body"
              >
                <div
                  class="card-title"
                >
                  <b>
                    Arnold, Berger and Townsend
                  </b>
                </div>
                <p
                  class="card-text"
                >
                  Kind crime at perhaps beat. Enjoy deal purpose serve begin or thought. Congress everything miss tend.
                   
                  <span
                    class="CompanyCard-emps"
                  >
                    (Employees: 
                    795
                    )
                  </span>
                </p>
              </div>
            </div>
          </a>
        </div>
      </div>
    </div>
  </div>,
  "debug": [Function],
  "findAllByAltText": [Function],
  "findAllByDisplayValue": [Function],
  "findAllByLabelText": [Function],
  "findAllByPlaceholderText": [Function],
  "findAllByRole": [Function],
  "findAllByTestId": [Function],
  "findAllByText": [Function],
  "findAllByTitle": [Function],
  "findByAltText": [Function],
  "findByDisplayValue": [Function],
  "findByLabelText": [Function],
  "findByPlaceholderText": [Function],
  "findByRole": [Function],
  "findByTestId": [Function],
  "findByText": [Function],
  "findByTitle": [Function],
  "getAllByAltText": [Function],
  "getAllByDisplayValue": [Function],
  "getAllByLabelText": [Function],
  "getAllByPlaceholderText": [Function],
  "getAllByRole": [Function],
  "getAllByTestId": [Function],
  "getAllByText": [Function],
  "getAllByTitle": [Function],
  "getByAltText": [Function],
  "getByDisplayValue": [Function],
  "getByLabelText": [Function],
  "getByPlaceholderText": [Function],
  "getByRole": [Function],
  "getByTestId": [Function],
  "getByText": [Function],
  "getByTitle": [Function],
  "queryAllByAltText": [Function],
  "queryAllByDisplayValue": [Function],
  "queryAllByLabelText": [Function],
  "queryAllByPlaceholderText": [Function],
  "queryAllByRole": [Function],
  "queryAllByTestId": [Function],
  "queryAllByText": [Function],
  "queryAllByTitle": [Function],
  "queryByAltText": [Function],
  "queryByDisplayValue": [Function],
  "queryByLabelText": [Function],
  "queryByPlaceholderText": [Function],
  "queryByRole": [Function],
  "queryByTestId": [Function],
  "queryByText": [Function],
  "queryByTitle": [Function],
  "rerender": [Function],
  "unmount": [Function],
}
`;
