// Vitest Snapshot v1, https://vitest.dev/guide/snapshot.html

exports[`matches snapshot 1`] = `
{
  "asFragment": [Function],
  "baseElement": <body>
    <div>
      <div
        class="SignupForm"
      >
        <form>
          <h5>
            Signup Form
          </h5>
          <div
            class="input-item"
          >
            <label
              for="username"
            >
              Username:
            </label>
            <input
              id="username"
              name="username"
              required=""
              type="text"
              value=""
            />
          </div>
          <div
            class="input-item"
          >
            <label
              for="password"
            >
              Password:
            </label>
            <input
              id="password"
              name="password"
              required=""
              type="password"
              value=""
            />
          </div>
          <div
            class="input-item"
          >
            <label
              for="retypePassword"
            >
              Retype Password:
            </label>
            <input
              id="retypePassword"
              name="retypePassword"
              required=""
              type="password"
              value=""
            />
          </div>
          <div
            class="input-item"
          >
            <label
              for="firstName"
            >
              First Name:
            </label>
            <input
              id="firstName"
              name="firstName"
              required=""
              type="text"
              value=""
            />
          </div>
          <div
            class="input-item"
          >
            <label
              for="lastName"
            >
              Last Name: 
            </label>
            <input
              id="lastName"
              name="lastName"
              required=""
              type="text"
              value=""
            />
          </div>
          <div
            class="input-item"
          >
            <label
              for="email"
            >
              Email: 
            </label>
            <input
              id="email"
              name="email"
              required=""
              type="text"
              value=""
            />
          </div>
          <button
            class="submit-button"
          >
            Submit
          </button>
        </form>
      </div>
    </div>
  </body>,
  "container": <div>
    <div
      class="SignupForm"
    >
      <form>
        <h5>
          Signup Form
        </h5>
        <div
          class="input-item"
        >
          <label
            for="username"
          >
            Username:
          </label>
          <input
            id="username"
            name="username"
            required=""
            type="text"
            value=""
          />
        </div>
        <div
          class="input-item"
        >
          <label
            for="password"
          >
            Password:
          </label>
          <input
            id="password"
            name="password"
            required=""
            type="password"
            value=""
          />
        </div>
        <div
          class="input-item"
        >
          <label
            for="retypePassword"
          >
            Retype Password:
          </label>
          <input
            id="retypePassword"
            name="retypePassword"
            required=""
            type="password"
            value=""
          />
        </div>
        <div
          class="input-item"
        >
          <label
            for="firstName"
          >
            First Name:
          </label>
          <input
            id="firstName"
            name="firstName"
            required=""
            type="text"
            value=""
          />
        </div>
        <div
          class="input-item"
        >
          <label
            for="lastName"
          >
            Last Name: 
          </label>
          <input
            id="lastName"
            name="lastName"
            required=""
            type="text"
            value=""
          />
        </div>
        <div
          class="input-item"
        >
          <label
            for="email"
          >
            Email: 
          </label>
          <input
            id="email"
            name="email"
            required=""
            type="text"
            value=""
          />
        </div>
        <button
          class="submit-button"
        >
          Submit
        </button>
      </form>
    </div>
  </div>,
  "debug": [Function],
  "findAllByAltText": [Function],
  "findAllByDisplayValue": [Function],
  "findAllByLabelText": [Function],
  "findAllByPlaceholderText": [Function],
  "findAllByRole": [Function],
  "findAllByTestId": [Function],
  "findAllByText": [Function],
  "findAllByTitle": [Function],
  "findByAltText": [Function],
  "findByDisplayValue": [Function],
  "findByLabelText": [Function],
  "findByPlaceholderText": [Function],
  "findByRole": [Function],
  "findByTestId": [Function],
  "findByText": [Function],
  "findByTitle": [Function],
  "getAllByAltText": [Function],
  "getAllByDisplayValue": [Function],
  "getAllByLabelText": [Function],
  "getAllByPlaceholderText": [Function],
  "getAllByRole": [Function],
  "getAllByTestId": [Function],
  "getAllByText": [Function],
  "getAllByTitle": [Function],
  "getByAltText": [Function],
  "getByDisplayValue": [Function],
  "getByLabelText": [Function],
  "getByPlaceholderText": [Function],
  "getByRole": [Function],
  "getByTestId": [Function],
  "getByText": [Function],
  "getByTitle": [Function],
  "queryAllByAltText": [Function],
  "queryAllByDisplayValue": [Function],
  "queryAllByLabelText": [Function],
  "queryAllByPlaceholderText": [Function],
  "queryAllByRole": [Function],
  "queryAllByTestId": [Function],
  "queryAllByText": [Function],
  "queryAllByTitle": [Function],
  "queryByAltText": [Function],
  "queryByDisplayValue": [Function],
  "queryByLabelText": [Function],
  "queryByPlaceholderText": [Function],
  "queryByRole": [Function],
  "queryByTestId": [Function],
  "queryByText": [Function],
  "queryByTitle": [Function],
  "rerender": [Function],
  "unmount": [Function],
}
`;
