// Vitest Snapshot v1, https://vitest.dev/guide/snapshot.html

exports[`matches snapshot 1`] = `
{
  "asFragment": [Function],
  "baseElement": <body>
    <div>
      <div
        class="SearchForm"
      >
        <form
          class="SearchForm-form"
        >
          <div
            class="input-item"
          >
            <label
              for="title"
            >
              Title
              :
            </label>
            <input
              id="title"
              name="title"
              value=""
            />
          </div>
          <div
            class="input-item"
          >
            <label
              for="salary"
            >
              Salary
              :
            </label>
            <input
              id="salary"
              name="salary"
              value=""
            />
          </div>
          <div
            class="input-item"
          >
            <label
              for="equity"
            >
              Equity
              :
            </label>
            <input
              id="equity"
              name="equity"
              type="checkbox"
              value="false"
            />
          </div>
        </form>
      </div>
    </div>
  </body>,
  "container": <div>
    <div
      class="SearchForm"
    >
      <form
        class="SearchForm-form"
      >
        <div
          class="input-item"
        >
          <label
            for="title"
          >
            Title
            :
          </label>
          <input
            id="title"
            name="title"
            value=""
          />
        </div>
        <div
          class="input-item"
        >
          <label
            for="salary"
          >
            Salary
            :
          </label>
          <input
            id="salary"
            name="salary"
            value=""
          />
        </div>
        <div
          class="input-item"
        >
          <label
            for="equity"
          >
            Equity
            :
          </label>
          <input
            id="equity"
            name="equity"
            type="checkbox"
            value="false"
          />
        </div>
      </form>
    </div>
  </div>,
  "debug": [Function],
  "findAllByAltText": [Function],
  "findAllByDisplayValue": [Function],
  "findAllByLabelText": [Function],
  "findAllByPlaceholderText": [Function],
  "findAllByRole": [Function],
  "findAllByTestId": [Function],
  "findAllByText": [Function],
  "findAllByTitle": [Function],
  "findByAltText": [Function],
  "findByDisplayValue": [Function],
  "findByLabelText": [Function],
  "findByPlaceholderText": [Function],
  "findByRole": [Function],
  "findByTestId": [Function],
  "findByText": [Function],
  "findByTitle": [Function],
  "getAllByAltText": [Function],
  "getAllByDisplayValue": [Function],
  "getAllByLabelText": [Function],
  "getAllByPlaceholderText": [Function],
  "getAllByRole": [Function],
  "getAllByTestId": [Function],
  "getAllByText": [Function],
  "getAllByTitle": [Function],
  "getByAltText": [Function],
  "getByDisplayValue": [Function],
  "getByLabelText": [Function],
  "getByPlaceholderText": [Function],
  "getByRole": [Function],
  "getByTestId": [Function],
  "getByText": [Function],
  "getByTitle": [Function],
  "queryAllByAltText": [Function],
  "queryAllByDisplayValue": [Function],
  "queryAllByLabelText": [Function],
  "queryAllByPlaceholderText": [Function],
  "queryAllByRole": [Function],
  "queryAllByTestId": [Function],
  "queryAllByText": [Function],
  "queryAllByTitle": [Function],
  "queryByAltText": [Function],
  "queryByDisplayValue": [Function],
  "queryByLabelText": [Function],
  "queryByPlaceholderText": [Function],
  "queryByRole": [Function],
  "queryByTestId": [Function],
  "queryByText": [Function],
  "queryByTitle": [Function],
  "rerender": [Function],
  "unmount": [Function],
}
`;
